Microchip MPLAB XC8 Compiler V2.41

Linker command line:

-W-3 \
  --edf=C:/Program Files/Microchip/MPLABX/v6.10/packs/Microchip/PIC18Fxxxx_DFP/1.4.151/xc8\pic\dat\20230323171731_en.msgs \
  -cn -h+dist/default/debug\project_1.debug.sym \
  --cmf=dist/default/debug\project_1.debug.cmf -z -Q18F4620 \
  -oC:\Users\m7md\AppData\Local\Temp\xcAs8g4.\driver_tmp_3.o \
  --defsym=__MPLAB_BUILD=1 --fixupoverflow=error \
  -Mdist/default/debug/project_1.debug.map \
  --md=C:\Users\m7md\AppData\Local\Temp\xcAs8g4.\driver_tmp_0.dat -E1 \
  -ver=XC8 Compiler --acfsm=1493 -ACODE=00h-0FFFFh -ACONST=00h-0FFFFh \
  -ASMALLCONST=01000h-010FFhx240 -AMEDIUMCONST=01000h-0FFFFh \
  -ACOMRAM=01h-07Fh -AABS1=00h-0F7Fh -ABIGRAM=01h-0F7Fh \
  -ARAM=080h-0FFh,0100h-01FFhx14,0F00h-0F7Fh -ABANK0=080h-0FFh \
  -ABANK1=0100h-01FFh -ABANK2=0200h-02FFh -ABANK3=0300h-03FFh \
  -ABANK4=0400h-04FFh -ABANK5=0500h-05FFh -ABANK6=0600h-06FFh \
  -ABANK7=0700h-07FFh -ABANK8=0800h-08FFh -ABANK9=0900h-09FFh \
  -ABANK10=0A00h-0AFFh -ABANK11=0B00h-0BFFh -ABANK12=0C00h-0CFFh \
  -ABANK13=0D00h-0DFFh -ABANK14=0E00h-0EFFh -ABANK15=0F00h-0F7Fh \
  -ASFR=0F80h-0FFFh -ABIGSFR=0F80h-0FFFh -ACONFIG=0300000h-030000Dh \
  -AIDLOC=0200000h-0200007h -AEEDATA=0F00000h-0F003FFh -peeprom_data=EEDATA \
  -preset_vec=00h,intcode=08h,intcodelo=018h,powerup,init -pramtop=01000h \
  -psmallconst=SMALLCONST -pmediumconst=MEDIUMCONST -pconst=CONST \
  -AFARRAM=00h-00h \
  -prdata=COMRAM,nvrram=COMRAM,nvbit=COMRAM,rbss=COMRAM,rbit=COMRAM \
  -pfarbss=FARRAM,fardata=FARRAM,nvFARRAM=FARRAM \
  -pintsave_regs=BIGRAM,bigbss=BIGRAM,bigdata=BIGRAM -pbss=RAM \
  -pidata=CODE,irdata=CODE,ibigdata=CODE,ifardata=CODE -prparam=COMRAM \
  C:\Users\m7md\AppData\Local\Temp\xcAs8g4.\driver_tmp_9.o \
  dist/default/debug\project_1.debug.o 

Object code version is 3.11

Machine type is 18F4620



                Name                               Link     Load   Length Selector   Space Scale
C:\Users\m7md\AppData\Local\Temp\xcAs8g4.\driver_tmp_9.o
                config                           300000   300000        E        0       4
                init                                 46       46        4        C       0
                reset_vec                             0        0        4        0       0
dist/default/debug\project_1.debug.o
                intcodelo                            18       18       2E        C       0
                intcode                               8        8        6        4       0
                config                           300000   300000        E        0       4
                temp                                 74       74        1        1       1
                smallconst                         1000     1000       16      800       0
                text5                              10CC     10CC        4      85E       0
                text4                              10C8     10C8        4      85E       0
                intcode_body                       1016     1016       46      80B       0
                text2                              10C4     10C4        4      85E       0
                text0                              10BC     10BC        8      85E       0
                cstackCOMRAM                         73       73        1        1       1
                dataCOMRAM                           4A       4A       29        1       1
                bssCOMRAM                             1        1       49        1       1
                cinit                              105C     105C       36      80B       0
                idataCOMRAM                        1092     1092       29      80B       0

TOTAL           Name                               Link     Load   Length     Space
        CLASS   CODE           
                intcodelo                            18       18       2E         0
                intcode                               8        8        6         0
                init                                 46       46        4         0
                reset_vec                             0        0        4         0
                text5                              10CC     10CC        4         0
                text4                              10C8     10C8        4         0
                intcode_body                       1016     1016       46         0
                text2                              10C4     10C4        4         0
                text0                              10BC     10BC        8         0
                cinit                              105C     105C       36         0
                idataCOMRAM                        1092     1092       29         0

        CLASS   CONST          

        CLASS   SMALLCONST     
                smallconst                         1000     1000       16         0

        CLASS   MEDIUMCONST    

        CLASS   COMRAM         
                temp                                 74       74        1         1
                cstackCOMRAM                         73       73        1         1
                dataCOMRAM                           4A       4A       29         1
                bssCOMRAM                             1        1       49         1

        CLASS   ABS1           

        CLASS   BIGRAM         

        CLASS   RAM            

        CLASS   BANK0          

        CLASS   BANK1          

        CLASS   BANK2          

        CLASS   BANK3          

        CLASS   BANK4          

        CLASS   BANK5          

        CLASS   BANK6          

        CLASS   BANK7          

        CLASS   BANK8          

        CLASS   BANK9          

        CLASS   BANK10         

        CLASS   BANK11         

        CLASS   BANK12         

        CLASS   BANK13         

        CLASS   BANK14         

        CLASS   BANK15         

        CLASS   SFR            

        CLASS   BIGSFR         

        CLASS   CONFIG         
                config                           300000   300000        E         4

        CLASS   IDLOC          

        CLASS   EEDATA         

        CLASS   FARRAM         

        CLASS   HEAP           

        CLASS   STACK          



SEGMENTS        Name                           Load    Length   Top    Selector   Space  Class

                reset_vec                      000000  000004  000004         0       0  CODE    
                bssCOMRAM                      000001  000074  000075         1       1  COMRAM  
                intcode                        000008  000006  00000E         4       0  CODE    
                intcodelo                      000018  000032  00004A         C       0  CODE    
                smallconst                     001000  000016  001016       800       0  SMALLCON
                intcode_body                   001016  0000A5  0010BB       80B       0  CODE    
                text0                          0010BC  000014  0010D0       85E       0  CODE    


UNUSED ADDRESS RANGES

        Name                Unused          Largest block    Delta
        BANK0            000080-0000FF               80
        BANK1            000100-0001FF              100
        BANK10           000A00-000AFF              100
        BANK11           000B00-000BFF              100
        BANK12           000C00-000CFF              100
        BANK13           000D00-000DFF              100
        BANK14           000E00-000EFF              100
        BANK15           000F00-000F7F               80
        BANK2            000200-0002FF              100
        BANK3            000300-0003FF              100
        BANK4            000400-0004FF              100
        BANK5            000500-0005FF              100
        BANK6            000600-0006FF              100
        BANK7            000700-0007FF              100
        BANK8            000800-0008FF              100
        BANK9            000900-0009FF              100
        BIGRAM           000075-000F7F              F0B
        BIGSFR           000F80-000FFF               80
        CODE             000004-000007                4
                         00000E-000017                A
                         00004A-000FFF              FB6
                         0010BB-0010BB                1
                         0010D0-00FFFF             EF30
        COMRAM           000075-00007F                B
        CONST            000004-000007                4
                         00000E-000017                A
                         00004A-000FFF              FB6
                         0010BB-0010BB                1
                         0010D0-00FFFF             EF30
        EEDATA           F00000-F003FF              400
        IDLOC            200000-200007                8
        MEDIUMCONST      0010BB-0010BB                1
                         0010D0-00FFFF             EF30
        RAM              000080-000F7F              100
        SFR              000F80-000FFF               80
        SMALLCONST       0010BB-0010BB                1
                         0010D0-00FFFF              100

                                  Symbol Table

MSSP_SPI_Msster_Mode_GPIO_PIN_Configurations@F2928 dataCOMRAM   00006E
MSSP_SPI_Msster_Mode_GPIO_PIN_Configurations@F2930 dataCOMRAM   00006D
MSSP_SPI_Msster_Mode_GPIO_PIN_Configurations@F2932 dataCOMRAM   00006C
MSSP_SPI_Slave_Mode_GPIO_PIN_Configurations@F2937  dataCOMRAM   00006B
MSSP_SPI_Slave_Mode_GPIO_PIN_Configurations@F2939  dataCOMRAM   00006A
MSSP_SPI_Slave_Mode_GPIO_PIN_Configurations@F2941  dataCOMRAM   000069
MSSP_SPI_Slave_Mode_GPIO_PIN_Configurations@F2943  dataCOMRAM   000068
_ADCON0bits                                        (abs)        000FC2
_ADCON1bits                                        (abs)        000FC1
_ADCON2bits                                        (abs)        000FC0
_ADC_InterruptHandler                              bssCOMRAM    000041
_ADRESH                                            (abs)        000FC4
_ADRESL                                            (abs)        000FC3
_BAUDCONbits                                       (abs)        000FB8
_CCP1CONbits                                       (abs)        000FBD
_CCP1_InterruptHandler                             bssCOMRAM    00003F
_CCP2CONbits                                       (abs)        000FBA
_CCP2_InterruptHandler                             bssCOMRAM    00003D
_CCPR1L                                            (abs)        000FBE
_CCPR2L                                            (abs)        000FBB
_EEADR                                             (abs)        000FA9
_EEADRH                                            (abs)        000FAA
_EECON1bits                                        (abs)        000FA6
_EECON2                                            (abs)        000FA7
_EEDATA                                            (abs)        000FA8
_EUSART_FramingErrorHandler                        bssCOMRAM    00000F
_EUSART_OverrunErrorHandler                        bssCOMRAM    00000D
_EUSART_RxInterruptHandler                         bssCOMRAM    000011
_EUSART_TxInterruptHandler                         bssCOMRAM    000013
_I2C_DefaultInterruptHandle                        bssCOMRAM    000009
_I2C_Report_Receive_Overflow_InterruptHandle       bssCOMRAM    000007
_I2C_Report_Write_Collision_InterruptHandler       bssCOMRAM    00000B
_INT0_ISR                                          text5        0010CC
_INT0_InterruptHandeler                            bssCOMRAM    00003B
_INT1_ISR                                          text2        0010C4
_INT1_InterruptHandeler                            bssCOMRAM    000039
_INT2_ISR                                          text4        0010C8
_INT2_InterruptHandeler                            bssCOMRAM    000037
_INTCON2bits                                       (abs)        000FF1
_INTCON3bits                                       (abs)        000FF0
_INTCONbits                                        (abs)        000FF2
_IPR1bits                                          (abs)        000F9F
_IPR2bits                                          (abs)        000FA2
_InterruptManagerHigh                              intcode      000008
_InterruptManagerLow                               intcodelo    000018
_LATA                                              (abs)        000F89
_LATB                                              (abs)        000F8A
_LATC                                              (abs)        000F8B
_LATD                                              (abs)        000F8C
_LATE                                              (abs)        000F8D
_PIE1bits                                          (abs)        000F9D
_PIE2bits                                          (abs)        000FA0
_PIR1bits                                          (abs)        000F9E
_PIR2bits                                          (abs)        000FA1
_PORTA                                             (abs)        000F80
_PORTB                                             (abs)        000F81
_PORTC                                             (abs)        000F82
_PORTD                                             (abs)        000F83
_PORTE                                             (abs)        000F84
_PR2                                               (abs)        000FCB
_RB4_Flag                                          dataCOMRAM   000072
_RB4_InterruptHandeler_High                        bssCOMRAM    000035
_RB4_InterruptHandeler_Low                         bssCOMRAM    000033
_RB5_Flag                                          dataCOMRAM   000071
_RB5_InterruptHandeler_High                        bssCOMRAM    000031
_RB5_InterruptHandeler_Low                         bssCOMRAM    00002F
_RB6_Flag                                          dataCOMRAM   000070
_RB6_InterruptHandeler_High                        bssCOMRAM    00002D
_RB6_InterruptHandeler_Low                         bssCOMRAM    00002B
_RB7_Flag                                          dataCOMRAM   00006F
_RB7_InterruptHandeler_High                        bssCOMRAM    000029
_RB7_InterruptHandeler_Low                         bssCOMRAM    000027
_RCONbits                                          (abs)        000FD0
_RCREG                                             (abs)        000FAE
_RCSTAbits                                         (abs)        000FAB
_SPBRG                                             (abs)        000FAF
_SPBRGH                                            (abs)        000FB0
_SPI_InterruptHandler                              bssCOMRAM    000025
_SSPADD                                            (abs)        000FC8
_SSPBUF                                            (abs)        000FC9
_SSPCON1bits                                       (abs)        000FC6
_SSPCON2bits                                       (abs)        000FC5
_SSPSTATbits                                       (abs)        000FC7
_T0CONbits                                         (abs)        000FD5
_T1CONbits                                         (abs)        000FCD
_T2CONbits                                         (abs)        000FCA
_T3CONbits                                         (abs)        000FB1
_TMR0H                                             (abs)        000FD7
_TMR0L                                             (abs)        000FD6
_TMR0_InterruptHandler                             bssCOMRAM    000023
_TMR1H                                             (abs)        000FCF
_TMR1InterruptHandler                              bssCOMRAM    00001F
_TMR1L                                             (abs)        000FCE
_TMR2                                              (abs)        000FCC
_TMR2InterruptHandler                              bssCOMRAM    00001B
_TMR3H                                             (abs)        000FB3
_TMR3InterruptHandler                              bssCOMRAM    000017
_TMR3L                                             (abs)        000FB2
_TRISA                                             (abs)        000F92
_TRISB                                             (abs)        000F93
_TRISC                                             (abs)        000F94
_TRISCbits                                         (abs)        000F94
_TRISD                                             (abs)        000F95
_TRISE                                             (abs)        000F96
_TXREG                                             (abs)        000FAD
_TXSTAbits                                         (abs)        000FAC
__HRAM                                             (abs)        000000
__H__absolute__                                    __absolute__ 000000
__Habs1                                            abs1         000000
__Hbank0                                           bank0        000000
__Hbank1                                           bank1        000000
__Hbank10                                          bank10       000000
__Hbank11                                          bank11       000000
__Hbank12                                          bank12       000000
__Hbank13                                          bank13       000000
__Hbank14                                          bank14       000000
__Hbank15                                          bank15       000000
__Hbank2                                           bank2        000000
__Hbank3                                           bank3        000000
__Hbank4                                           bank4        000000
__Hbank5                                           bank5        000000
__Hbank6                                           bank6        000000
__Hbank7                                           bank7        000000
__Hbank8                                           bank8        000000
__Hbank9                                           bank9        000000
__Hbigbss                                          bigbss       000000
__Hbigdata                                         bigdata      000000
__Hbigram                                          bigram       000000
__Hbigsfr                                          bigsfr       000000
__Hbss                                             bss          000000
__HbssCOMRAM                                       bssCOMRAM    000000
__Hcinit                                           cinit        000000
__Hclrtext                                         clrtext      000000
__Hcomram                                          comram       000000
__Hconfig                                          config       30000E
__Hconst                                           const        000000
__HcstackCOMRAM                                    cstackCOMRAM 000000
__Hdata                                            data         000000
__HdataCOMRAM                                      dataCOMRAM   000000
__Heeprom_data                                     eeprom_data  000000
__Hfarbss                                          farbss       000000
__Hfardata                                         fardata      000000
__Hheap                                            heap         000000
__Hibigdata                                        ibigdata     000000
__Hidata                                           idata        000000
__HidataCOMRAM                                     idataCOMRAM  000000
__Hidloc                                           idloc        000000
__Hifardata                                        ifardata     000000
__Hinit                                            init         00004A
__Hintcode                                         intcode      00000E
__Hintcode_body                                    intcode_body 000000
__Hintcodelo                                       intcodelo    000046
__Hintentry                                        intentry     000000
__Hintret                                          intret       000000
__Hintsave_regs                                    intsave_regs 000000
__Hirdata                                          irdata       000000
__Hmediumconst                                     mediumconst  000000
__HnvFARRAM                                        nvFARRAM     000000
__Hnvbit                                           nvbit        000000
__Hnvrram                                          nvrram       000000
__Hparam                                           rparam       000000
__Hpowerup                                         powerup      000046
__Hram                                             ram          000000
__Hramtop                                          ramtop       001000
__Hrbit                                            rbit         000000
__Hrbss                                            rbss         000000
__Hrdata                                           rdata        000000
__Hreset_vec                                       reset_vec    000004
__Hrparam                                          rparam       000000
__Hsfr                                             sfr          000000
__Hsmallconst                                      smallconst   001016
__Hspace_0                                         (abs)        0010D0
__Hspace_1                                         (abs)        000075
__Hspace_2                                         (abs)        000000
__Hspace_4                                         (abs)        60000E
__Hstack                                           stack        000000
__Hstruct                                          struct       000000
__Htemp                                            temp         000075
__Htext                                            text         000000
__Htext0                                           text0        000000
__Htext2                                           text2        000000
__Htext4                                           text4        000000
__Htext5                                           text5        000000
__LRAM                                             (abs)        000001
__L__absolute__                                    __absolute__ 000000
__Labs1                                            abs1         000000
__Lbank0                                           bank0        000000
__Lbank1                                           bank1        000000
__Lbank10                                          bank10       000000
__Lbank11                                          bank11       000000
__Lbank12                                          bank12       000000
__Lbank13                                          bank13       000000
__Lbank14                                          bank14       000000
__Lbank15                                          bank15       000000
__Lbank2                                           bank2        000000
__Lbank3                                           bank3        000000
__Lbank4                                           bank4        000000
__Lbank5                                           bank5        000000
__Lbank6                                           bank6        000000
__Lbank7                                           bank7        000000
__Lbank8                                           bank8        000000
__Lbank9                                           bank9        000000
__Lbigbss                                          bigbss       000000
__Lbigdata                                         bigdata      000000
__Lbigram                                          bigram       000000
__Lbigsfr                                          bigsfr       000000
__Lbss                                             bss          000000
__LbssCOMRAM                                       bssCOMRAM    000000
__Lcinit                                           cinit        000000
__Lclrtext                                         clrtext      000000
__Lcomram                                          comram       000000
__Lconfig                                          config       000000
__Lconst                                           const        000000
__LcstackCOMRAM                                    cstackCOMRAM 000000
__Ldata                                            data         000000
__LdataCOMRAM                                      dataCOMRAM   000000
__Leeprom_data                                     eeprom_data  000000
__Lfarbss                                          farbss       000000
__Lfardata                                         fardata      000000
__Lheap                                            heap         000000
__Libigdata                                        ibigdata     000000
__Lidata                                           idata        000000
__LidataCOMRAM                                     idataCOMRAM  000000
__Lidloc                                           idloc        000000
__Lifardata                                        ifardata     000000
__Linit                                            init         000046
__Lintcode                                         intcode      000008
__Lintcode_body                                    intcode_body 000000
__Lintcodelo                                       intcodelo    000018
__Lintentry                                        intentry     000000
__Lintret                                          intret       000000
__Lintsave_regs                                    intsave_regs 000000
__Lirdata                                          irdata       000000
__Lmediumconst                                     mediumconst  000000
__LnvFARRAM                                        nvFARRAM     000000
__Lnvbit                                           nvbit        000000
__Lnvrram                                          nvrram       000000
__Lparam                                           rparam       000000
__Lpowerup                                         powerup      000046
__Lram                                             ram          000000
__Lramtop                                          ramtop       001000
__Lrbit                                            rbit         000000
__Lrbss                                            rbss         000000
__Lrdata                                           rdata        000000
__Lreset_vec                                       reset_vec    000000
__Lrparam                                          rparam       000000
__Lsfr                                             sfr          000000
__Lsmallconst                                      smallconst   001000
__Lspace_0                                         (abs)        000000
__Lspace_1                                         (abs)        000000
__Lspace_2                                         (abs)        000000
__Lspace_4                                         (abs)        000000
__Lstack                                           stack        000000
__Lstruct                                          struct       000000
__Ltemp                                            temp         000074
__Ltext                                            text         000000
__Ltext0                                           text0        000000
__Ltext2                                           text2        000000
__Ltext4                                           text4        000000
__Ltext5                                           text5        000000
__S0                                               (abs)        0010D0
__S1                                               (abs)        000075
__S4                                               (abs)        000000
__S5                                               (abs)        000000
___heap_hi                                         (abs)        000000
___heap_lo                                         (abs)        000000
___inthi_sp                                        stack        000000
___intlo_sp                                        stack        000000
___param_bank                                      (abs)        000000
___rparam_used                                     (abs)        000001
___sp                                              stack        000000
__accesstop                                        (abs)        000080
__activetblptr                                     (abs)        000003
__end_of_INT0_ISR                                  text5        0010D0
__end_of_INT1_ISR                                  text2        0010C8
__end_of_INT2_ISR                                  text4        0010CC
__end_of_InterruptManagerHigh                      intcode_body 00105C
__end_of_InterruptManagerLow                       intcodelo    000046
__end_of__initialization                           cinit        001088
__end_of_btn_values                                smallconst   001011
__end_of_main                                      text0        0010C4
__initialization                                   cinit        00105C
__mediumconst                                      mediumconst  000000
__pbssCOMRAM                                       bssCOMRAM    000001
__pcinit                                           cinit        00105C
__pcstackCOMRAM                                    cstackCOMRAM 000073
__pdataCOMRAM                                      dataCOMRAM   00004A
__pidataCOMRAM                                     idataCOMRAM  001092
__pintcode                                         intcode      000008
__pintcode_body                                    intcode_body 001016
__pintcodelo                                       intcodelo    000018
__psmallconst                                      smallconst   001000
__ptext0                                           text0        0010BC
__ptext2                                           text2        0010C4
__ptext4                                           text4        0010C8
__ptext5                                           text5        0010CC
__ramtop                                           ramtop       001000
__smallconst                                       smallconst   001000
_btn_values                                        smallconst   001001
_lat_regiters                                      dataCOMRAM   000054
_main                                              text0        0010BC
_port_regiters                                     dataCOMRAM   00004A
_timer0_preload                                    bssCOMRAM    000021
_timer1preload                                     bssCOMRAM    00001D
_timer2preload                                     bssCOMRAM    000019
_timer3preload                                     bssCOMRAM    000015
_tris_regiters                                     dataCOMRAM   00005E
btemp                                              temp         000074
end_of_initialization                              cinit        001088
int$flags                                          temp         000074
int_func                                           intcode_body 001016
intlevel0                                          text         000000
intlevel1                                          text         000000
intlevel2                                          text         000000
intlevel3                                          text         000000
isa$std                                            (abs)        000001
isa$xinst                                          (abs)        000000
led_initialize@F2881                               bssCOMRAM    000049
led_toggle@F2896                                   bssCOMRAM    000046
led_turn_off@F2891                                 bssCOMRAM    000047
led_turn_on@F2886                                  bssCOMRAM    000048
relay_initialize@F2875                             bssCOMRAM    000045
relay_off@F2885                                    bssCOMRAM    000043
relay_on@F2880                                     bssCOMRAM    000044
stackhi                                            (abs)        000000
stacklo                                            (abs)        000000
start                                              init         000046
start_initialization                               cinit        00105C
ttemp5                                             temp         000075
ttemp6                                             temp         000078
ttemp7                                             temp         00007C
wtemp8                                             temp         000075


MODULE INFORMATION

Module		Function		Class		Link	Load	Size
MCAL_layer/Interrupt/mcal_interrupt_manager.c
		_InterruptManagerLow		CODE           	0018	0000	46
		_InterruptManagerHigh		CODE           	0008	0000	76

MCAL_layer/Interrupt/mcal_interrupt_manager.c estimated size: 122

MCAL_layer/Interrupt/mcal_external_interrupt.c
		_INT0_ISR      		CODE           	10CC	0000	4
		_INT1_ISR      		CODE           	10C4	0000	4
		_INT2_ISR      		CODE           	10C8	0000	4

MCAL_layer/Interrupt/mcal_external_interrupt.c estimated size: 12

shared
		_btn_values    		SMALLCONST     	1001	0000	16
		__initialization		CODE           	105C	0000	44

shared estimated size: 60

application.c
		_main          		CODE           	10BC	0000	8

application.c estimated size: 8

